// Jest Snapshot v1, https://goo.gl/fbAQLP

exports[`Prueba de GifItem Debe hacer match con el snapshot 1`] = `
<div>
  <div
    class="card"
  >
    <img
      alt="Dragon ball"
      src="https://dragon-ball/goku.jpg"
    />
    <p>
      Dragon ball
    </p>
  </div>
</div>
`;
